// Jest Snapshot v1, https://goo.gl/fbAQLP

exports[`/src/pages/survey/thanks should render properly 1`] = `
<div
  className="root"
>
  <WithStyles(ForwardRef(Typography))
    component="h4"
    data-cy="ThanksPageTypography"
    variant="h4"
  >
    Foo Bar
  </WithStyles(ForwardRef(Typography))>
</div>
`;
